date;A;B;C
2013-03-01;6;3;-0.1
2018-02-01;30;24;5.05
2018-03-01;4;6;6.05
2018-03-02;0;8;4.83
2018-04-02;-5;1;-1.23
2028-03-03;2;4;2.12
